../Core/Src/main.c:179:6:sendData	8	static
../Core/Src/main.c:182:6:read_rk520_01	8	static
../Core/Src/main.c:185:6:read_rk520_02	8	static
../Core/Src/main.c:188:6:read_rk500_02	8	static
../Core/Src/main.c:191:6:read_niubol_7	8	static
../Core/Src/main.c:194:6:read_niubol_npk	8	static
../Core/Src/main.c:197:6:write_co2	8	static
../Core/Src/main.c:200:6:sendingToSimcomA76xx	8	static
../Core/Src/main.c:203:6:HAL_UARTEx_RxEventCallback	16	static
../Core/Src/main.c:265:6:turnOnA76XX	16	static
../Core/Src/main.c:277:5:connectSimcomA76xx	32	static,ignoring_inline_asm
../Core/Src/main.c:308:9:Read_BH1750	24	static
../Core/Src/main.c:323:6:BH1750_Init	32	static
../Core/Src/main.c:331:10:BH1750_ReadLight	24	static
../Core/Src/main.c:338:6:readSensors	32	static
../Core/Src/main.c:386:5:connectMQTT	40	static
../Core/Src/main.c:425:5:Sleep_Stm32_A7672S	8	static,ignoring_inline_asm
../Core/Src/main.c:444:6:exampleFunction	16	static
../Core/Src/main.c:614:6:SystemClock_Config	112	static,ignoring_inline_asm
../Core/Src/main.c:536:5:main	56	static,ignoring_inline_asm
../Core/Src/main.c:932:6:Error_Handler	0	static,ignoring_inline_asm
