../Core/Src/cJSON.c:94:28:cJSON_GetErrorPtr	8	static
../Core/Src/cJSON.c:98:22:cJSON_GetStringValue	16	static
../Core/Src/cJSON.c:106:22:cJSON_GetNumberValue	16	static
../Core/Src/cJSON.c:119:27:cJSON_Version	16	static
../Core/Src/cJSON.c:128:12:case_insensitive_strcmp	24	static
../Core/Src/cJSON.c:180:23:cJSON_strdup	24	static
../Core/Src/cJSON.c:199:20:cJSON_InitHooks	16	static
../Core/Src/cJSON.c:227:15:cJSON_New_Item	24	static
../Core/Src/cJSON.c:237:20:cJSON_Delete	24	static
../Core/Src/cJSON.c:258:22:get_decimal_point	8	static
../Core/Src/cJSON.c:284:19:parse_number	112	static
../Core/Src/cJSON.c:353:22:cJSON_SetNumberHelper	24	static
../Core/Src/cJSON.c:366:21:cJSON_SetValuestring	32	static
../Core/Src/cJSON.c:405:23:ensure	24	static
../Core/Src/cJSON.c:475:13:update_offset	32	static
../Core/Src/cJSON.c:486:19:compare_double	64	static
../Core/Src/cJSON.c:492:19:print_number	96	static
../Core/Src/cJSON.c:552:17:parse_hex4	24	static
../Core/Src/cJSON.c:580:22:utf16_literal_to_utf8	48	static
../Core/Src/cJSON.c:683:19:parse_string	56	static
../Core/Src/cJSON.c:807:19:print_string_ptr	40	static
../Core/Src/cJSON.c:918:19:print_string	16	static
../Core/Src/cJSON.c:937:22:buffer_skip_whitespace	16	static
../Core/Src/cJSON.c:958:22:skip_utf8_bom	16	static
../Core/Src/cJSON.c:973:23:cJSON_ParseWithOpts	32	static
../Core/Src/cJSON.c:989:23:cJSON_ParseWithLengthOpts	72	static
../Core/Src/cJSON.c:1060:23:cJSON_Parse	16	static
../Core/Src/cJSON.c:1064:23:cJSON_ParseWithLength	16	static
../Core/Src/cJSON.c:1071:23:print	72	static
../Core/Src/cJSON.c:1133:22:cJSON_Print	16	static
../Core/Src/cJSON.c:1137:22:cJSON_PrintUnformatted	16	static
../Core/Src/cJSON.c:1141:22:cJSON_PrintBuffered	72	static
../Core/Src/cJSON.c:1169:26:cJSON_PrintPreallocated	72	static
../Core/Src/cJSON.c:1188:19:parse_value	16	static
../Core/Src/cJSON.c:1247:19:print_value	24	static
../Core/Src/cJSON.c:1313:19:parse_array	32	static
../Core/Src/cJSON.c:1402:19:print_array	32	static
../Core/Src/cJSON.c:1456:19:parse_object	32	static
../Core/Src/cJSON.c:1569:19:print_object	40	static
../Core/Src/cJSON.c:1669:19:cJSON_GetArraySize	24	static
../Core/Src/cJSON.c:1689:15:get_array_item	24	static
../Core/Src/cJSON.c:1705:23:cJSON_GetArrayItem	16	static
../Core/Src/cJSON.c:1713:15:get_object_item	32	static
../Core/Src/cJSON.c:1742:23:cJSON_GetObjectItem	16	static
../Core/Src/cJSON.c:1747:23:cJSON_GetObjectItemCaseSensitive	16	static
../Core/Src/cJSON.c:1752:26:cJSON_HasObjectItem	16	static
../Core/Src/cJSON.c:1758:13:suffix_object	16	static
../Core/Src/cJSON.c:1764:15:create_reference	24	static
../Core/Src/cJSON.c:1783:19:add_item_to_array	24	static
../Core/Src/cJSON.c:1811:26:cJSON_AddItemToArray	16	static
../Core/Src/cJSON.c:1822:14:cast_away_const	16	static
../Core/Src/cJSON.c:1829:19:add_item_to_object	32	static
../Core/Src/cJSON.c:1862:26:cJSON_AddItemToObject	40	static
../Core/Src/cJSON.c:1868:26:cJSON_AddItemToObjectCS	40	static
../Core/Src/cJSON.c:1873:26:cJSON_AddItemReferenceToArray	16	static
../Core/Src/cJSON.c:1882:26:cJSON_AddItemReferenceToObject	40	static
../Core/Src/cJSON.c:1892:22:cJSON_AddNullToObject	40	static
../Core/Src/cJSON.c:1903:22:cJSON_AddTrueToObject	40	static
../Core/Src/cJSON.c:1914:22:cJSON_AddFalseToObject	40	static
../Core/Src/cJSON.c:1925:22:cJSON_AddBoolToObject	48	static
../Core/Src/cJSON.c:1936:22:cJSON_AddNumberToObject	48	static
../Core/Src/cJSON.c:1947:22:cJSON_AddStringToObject	48	static
../Core/Src/cJSON.c:1958:22:cJSON_AddRawToObject	48	static
../Core/Src/cJSON.c:1969:22:cJSON_AddObjectToObject	40	static
../Core/Src/cJSON.c:1980:22:cJSON_AddArrayToObject	40	static
../Core/Src/cJSON.c:1991:23:cJSON_DetachItemViaPointer	16	static
../Core/Src/cJSON.c:2021:23:cJSON_DetachItemFromArray	16	static
../Core/Src/cJSON.c:2030:20:cJSON_DeleteItemFromArray	16	static
../Core/Src/cJSON.c:2034:23:cJSON_DetachItemFromObject	24	static
../Core/Src/cJSON.c:2041:23:cJSON_DetachItemFromObjectCaseSensitive	24	static
../Core/Src/cJSON.c:2048:20:cJSON_DeleteItemFromObject	16	static
../Core/Src/cJSON.c:2052:20:cJSON_DeleteItemFromObjectCaseSensitive	16	static
../Core/Src/cJSON.c:2058:26:cJSON_InsertItemInArray	32	static
../Core/Src/cJSON.c:2087:26:cJSON_ReplaceItemViaPointer	24	static
../Core/Src/cJSON.c:2128:26:cJSON_ReplaceItemInArray	24	static
../Core/Src/cJSON.c:2138:19:replace_item_in_object	24	static
../Core/Src/cJSON.c:2161:26:cJSON_ReplaceItemInObject	24	static
../Core/Src/cJSON.c:2166:26:cJSON_ReplaceItemInObjectCaseSensitive	24	static
../Core/Src/cJSON.c:2172:23:cJSON_CreateNull	16	static
../Core/Src/cJSON.c:2181:23:cJSON_CreateTrue	16	static
../Core/Src/cJSON.c:2190:23:cJSON_CreateFalse	16	static
../Core/Src/cJSON.c:2199:23:cJSON_CreateBool	24	static
../Core/Src/cJSON.c:2208:23:cJSON_CreateNumber	24	static
../Core/Src/cJSON.c:2227:23:cJSON_CreateString	24	static
../Core/Src/cJSON.c:2242:23:cJSON_CreateStringReference	24	static
../Core/Src/cJSON.c:2252:23:cJSON_CreateObjectReference	24	static
../Core/Src/cJSON.c:2262:23:cJSON_CreateArrayReference	24	static
../Core/Src/cJSON.c:2272:23:cJSON_CreateRaw	24	static
../Core/Src/cJSON.c:2287:23:cJSON_CreateArray	16	static
../Core/Src/cJSON.c:2296:23:cJSON_CreateObject	16	static
../Core/Src/cJSON.c:2306:23:cJSON_CreateIntArray	32	static
../Core/Src/cJSON.c:2339:23:cJSON_CreateFloatArray	32	static
../Core/Src/cJSON.c:2372:23:cJSON_CreateDoubleArray	32	static
../Core/Src/cJSON.c:2405:23:cJSON_CreateStringArray	32	static
../Core/Src/cJSON.c:2440:23:cJSON_Duplicate	32	static
../Core/Src/cJSON.c:2512:13:skip_oneline_comment	16	static
../Core/Src/cJSON.c:2523:13:skip_multiline_comment	16	static
../Core/Src/cJSON.c:2534:13:minify_string	16	static
../Core/Src/cJSON.c:2555:20:cJSON_Minify	24	static
../Core/Src/cJSON.c:2596:26:cJSON_IsInvalid	16	static
../Core/Src/cJSON.c:2604:26:cJSON_IsFalse	16	static
../Core/Src/cJSON.c:2612:26:cJSON_IsTrue	16	static
../Core/Src/cJSON.c:2620:26:cJSON_IsBool	16	static
../Core/Src/cJSON.c:2627:26:cJSON_IsNull	16	static
../Core/Src/cJSON.c:2635:26:cJSON_IsNumber	16	static
../Core/Src/cJSON.c:2643:26:cJSON_IsString	16	static
../Core/Src/cJSON.c:2651:26:cJSON_IsArray	16	static
../Core/Src/cJSON.c:2659:26:cJSON_IsObject	16	static
../Core/Src/cJSON.c:2667:26:cJSON_IsRaw	16	static
../Core/Src/cJSON.c:2675:26:cJSON_Compare	40	static
../Core/Src/cJSON.c:2785:22:cJSON_malloc	16	static
../Core/Src/cJSON.c:2789:20:cJSON_free	16	static
