../Core/Src/stm32l0xx_it.c:72:6:NMI_Handler	8	static
../Core/Src/stm32l0xx_it.c:87:6:HardFault_Handler	8	static
../Core/Src/stm32l0xx_it.c:102:6:SVC_Handler	8	static
../Core/Src/stm32l0xx_it.c:115:6:PendSV_Handler	8	static
../Core/Src/stm32l0xx_it.c:128:6:SysTick_Handler	8	static
../Core/Src/stm32l0xx_it.c:156:6:USART4_5_IRQHandler	8	static
../Core/Src/stm32l0xx_it.c:170:6:TIM6_IRQHandler	8	static
../Core/Src/stm32l0xx_it.c:184:6:USART1_IRQHandler	8	static
../Core/Src/stm32l0xx_it.c:198:6:USART2_IRQHandler	8	static
